// Jest Snapshot v1, https://goo.gl/fbAQLP

exports[`handles basics 1`] = `
"Module Rec.
  Record t := {
    a : string;
    b : Z;
    c : bool;
  }.
End Rec.
Definition Rec := Rec.t.

Definition o :=
  {|
    Rec.a := \\"hi\\";
    Rec.b := 12;
    Rec.c := false;
  |}.

Module Status.
  Module Error.
    Record t := {
      message : string;
    }.
  End Error.

  Inductive t :=
  | Error (_ : Error.t)
  | Loading
  | Nothing.
End Status.
Definition Status := Status.t.

Definition status : Status :=
  Status.Error
  {| Status.Error.message := \\"hi\\"; |}.

Definition b : bool :=
  false && true.

Definition n : Z :=
  (- 12) + 23.

Definition s :=
  \\"hi\\".

Definition a :=
  [ 1, (2 : Z), 3 ].

Definition cond :=
  if b then \\"a\\" else \\"b\\".

Definition id
  {A B : Type}
  (x : A)
  : A :=
  x.

Definition basicTypes
  (n : Z)
  (m : Z)
  : string :=
  \\"OK\\".

Definition r :=
  id (basicTypes 12 23).

Definition f :=
  fun {A : Type} (x : A) (y : A) =>
    true.

Definition arrow :=
  fun x => x + 1."
`;
