// Jest Snapshot v1, https://goo.gl/fbAQLP

exports[`fails with more than one statement 1`] = `
"> 1 | function foo() {const n = 12; return;}
    |                ^^^^^^^^^^^^^

Expected a simple return"
`;

exports[`handles empty returns 1`] = `
"Definition foo :=
  tt."
`;

exports[`handles empty statements 1`] = `
"Definition foo :=
  tt."
`;

exports[`requires a return if there is one statement 1`] = `
"> 1 | function foo() {const n = 12;}
    |                ^^^^^^^^^^^^^

Expected a return"
`;
